Starting Metro Bundler
Web Bundled 2053ms node_modules\expo-router\entry.js (783 modules)

ΓÇ║ Assets (20):
assets\images\metrack_logo.5fd727be62737301dc39c24c2552135d.png (417 kB)
node_modules\@react-navigation\elements\lib\module\assets\back-icon-mask.0a328cd9c1afd0afe8e3b1ec5165b1b4.png (653 B)
node_modules\@react-navigation\elements\lib\module\assets\back-icon.35ba0eaec5a4f5ed12ca16fabeae451d.png (207 B)
node_modules\@react-navigation\elements\lib\module\assets\clear-icon.c94f6478e7ae0cdd9f15de1fcb9e5e55.png (4 variations | 425 B)
node_modules\@react-navigation\elements\lib\module\assets\close-icon.808e1b1b9b53114ec2838071a7e6daa7.png (4 variations | 235 B)
node_modules\@react-navigation\elements\lib\module\assets\search-icon.286d67d3f74808a60a78d3ebf1a5fb57.png (928 B)
node_modules\expo-router\assets\arrow_down.017bc6ba3fc25503e5eb5e53826d48a8.png (9.46 kB)
node_modules\expo-router\assets\error.d1ea1496f9057eb392d5bbf3732a61b7.png (469 B)
node_modules\expo-router\assets\file.19eeb73b9593a38f8e9f418337fc7d10.png (138 B)
node_modules\expo-router\assets\forward.d8b800c443b8972542883e0b9de2bdc6.png (188 B)
node_modules\expo-router\assets\pkg.ab19f4cbc543357183a20571f68380a3.png (364 B)
node_modules\expo-router\assets\sitemap.412dd9275b6b48ad28f5e3d81bb1f626.png (465 B)
node_modules\expo-router\assets\unmatched.20e71bdf79e3a97bf55fd9e164041578.png (4.75 kB)
node_modules\expo-sqlite\web\wa-sqlite\wa-sqlite.783a2e11efab57e42036efde040ea8fd.wasm (618 kB)

ΓÇ║ web bundles (2):
_expo/static/js/web/entry-adcde0cbe0e668783d7e21b5e29d80fd.js (1.41 MB)
_expo/static/js/web/worker-10050953e8b46871bea0daaf49faf924.js (139 kB)

ΓÇ║ Files (3):
favicon.ico (14.5 kB)
index.html (1.22 kB)
metadata.json (49 B)

Exported: dist
